--------------------------------------------------------------------------------
Release 14.7 Trace  (nt64)
Copyright (c) 1995-2013 Xilinx, Inc.  All rights reserved.

D:\SUTD\14.7\ISE_DS\ISE\bin\nt64\unwrapped\trce.exe -intstyle ise -o
mojo_top_0.twr -v 30 -l 30 mojo_top_0_routed.ncd mojo_top_0.pcf

Design file:              mojo_top_0_routed.ncd
Physical constraint file: mojo_top_0.pcf
Device,package,speed:     xc6slx9,tqg144,C,-2 (PRODUCTION 1.23 2013-10-13)
Report level:             verbose report, limited to 30 items per constraint

Environment Variable      Effect 
--------------------      ------ 
NONE                      No environment variables were set
--------------------------------------------------------------------------------

INFO:Timing:2698 - No timing constraints found, doing default enumeration.
INFO:Timing:3412 - To improve timing, see the Timing Closure User Guide (UG612).
INFO:Timing:2752 - To get complete path coverage, use the unconstrained paths 
   option. All paths that are not constrained will be reported in the 
   unconstrained paths section(s) of the report.
INFO:Timing:3339 - The clock-to-out numbers in this timing report are based on 
   a 50 Ohm transmission line loading model.  For the details of this model, 
   and for more information on accounting for different loading conditions, 
   please see the device datasheet.



Data Sheet report:
-----------------
All values displayed in nanoseconds (ns)

Pad to Pad
---------------+---------------+---------+
Source Pad     |Destination Pad|  Delay  |
---------------+---------------+---------+
alufn[0]       |io_led[0]      |   15.483|
alufn[0]       |io_led[1]      |   14.691|
alufn[0]       |io_led[2]      |   16.241|
alufn[0]       |io_led[3]      |   16.095|
alufn[0]       |io_led[4]      |   16.350|
alufn[0]       |io_led[5]      |   16.927|
alufn[0]       |io_led[6]      |   16.673|
alufn[0]       |io_led[7]      |   17.040|
alufn[0]       |io_led[8]      |   16.606|
alufn[0]       |io_led[9]      |   16.541|
alufn[0]       |io_led[10]     |   17.050|
alufn[0]       |io_led[11]     |   17.236|
alufn[0]       |io_led[12]     |   17.726|
alufn[0]       |io_led[13]     |   18.028|
alufn[0]       |io_led[14]     |   16.503|
alufn[0]       |io_led[15]     |   16.941|
alufn[1]       |io_led[0]      |   14.454|
alufn[1]       |io_led[1]      |   14.887|
alufn[1]       |io_led[2]      |   16.031|
alufn[1]       |io_led[3]      |   15.879|
alufn[1]       |io_led[4]      |   15.969|
alufn[1]       |io_led[5]      |   15.688|
alufn[1]       |io_led[6]      |   16.060|
alufn[1]       |io_led[7]      |   15.733|
alufn[1]       |io_led[8]      |   16.766|
alufn[1]       |io_led[9]      |   16.755|
alufn[1]       |io_led[10]     |   16.110|
alufn[1]       |io_led[11]     |   16.800|
alufn[1]       |io_led[12]     |   17.225|
alufn[1]       |io_led[13]     |   17.285|
alufn[1]       |io_led[14]     |   15.787|
alufn[1]       |io_led[15]     |   16.220|
alufn[2]       |io_led[0]      |   14.703|
alufn[2]       |io_led[1]      |   15.136|
alufn[2]       |io_led[2]      |   16.280|
alufn[2]       |io_led[3]      |   16.128|
alufn[2]       |io_led[4]      |   16.218|
alufn[2]       |io_led[5]      |   15.937|
alufn[2]       |io_led[6]      |   16.309|
alufn[2]       |io_led[7]      |   15.982|
alufn[2]       |io_led[8]      |   17.015|
alufn[2]       |io_led[9]      |   17.004|
alufn[2]       |io_led[10]     |   16.359|
alufn[2]       |io_led[11]     |   17.049|
alufn[2]       |io_led[12]     |   17.474|
alufn[2]       |io_led[13]     |   17.534|
alufn[2]       |io_led[14]     |   16.036|
alufn[2]       |io_led[15]     |   16.469|
alufn[3]       |io_led[0]      |   14.728|
alufn[3]       |io_led[1]      |   15.161|
alufn[3]       |io_led[2]      |   16.305|
alufn[3]       |io_led[3]      |   16.153|
alufn[3]       |io_led[4]      |   16.243|
alufn[3]       |io_led[5]      |   15.962|
alufn[3]       |io_led[6]      |   16.334|
alufn[3]       |io_led[7]      |   16.007|
alufn[3]       |io_led[8]      |   17.040|
alufn[3]       |io_led[9]      |   17.029|
alufn[3]       |io_led[10]     |   16.384|
alufn[3]       |io_led[11]     |   17.074|
alufn[3]       |io_led[12]     |   17.499|
alufn[3]       |io_led[13]     |   17.559|
alufn[3]       |io_led[14]     |   16.061|
alufn[3]       |io_led[15]     |   16.494|
alufn[4]       |io_led[0]      |   13.440|
alufn[4]       |io_led[1]      |   13.873|
alufn[4]       |io_led[2]      |   15.017|
alufn[4]       |io_led[3]      |   14.865|
alufn[4]       |io_led[4]      |   14.955|
alufn[4]       |io_led[5]      |   14.674|
alufn[4]       |io_led[6]      |   15.046|
alufn[4]       |io_led[7]      |   14.719|
alufn[4]       |io_led[8]      |   15.752|
alufn[4]       |io_led[9]      |   15.741|
alufn[4]       |io_led[10]     |   15.096|
alufn[4]       |io_led[11]     |   15.786|
alufn[4]       |io_led[12]     |   16.211|
alufn[4]       |io_led[13]     |   16.271|
alufn[4]       |io_led[14]     |   14.773|
alufn[4]       |io_led[15]     |   15.206|
alufn[5]       |io_led[0]      |   13.223|
alufn[5]       |io_led[1]      |   13.656|
alufn[5]       |io_led[2]      |   14.800|
alufn[5]       |io_led[3]      |   14.648|
alufn[5]       |io_led[4]      |   14.738|
alufn[5]       |io_led[5]      |   14.457|
alufn[5]       |io_led[6]      |   14.829|
alufn[5]       |io_led[7]      |   14.502|
alufn[5]       |io_led[8]      |   15.535|
alufn[5]       |io_led[9]      |   15.524|
alufn[5]       |io_led[10]     |   14.879|
alufn[5]       |io_led[11]     |   15.569|
alufn[5]       |io_led[12]     |   15.994|
alufn[5]       |io_led[13]     |   16.054|
alufn[5]       |io_led[14]     |   14.556|
alufn[5]       |io_led[15]     |   14.989|
b[0]           |io_led[0]      |   12.189|
b[0]           |io_led[1]      |   11.397|
b[0]           |io_led[2]      |   12.947|
b[0]           |io_led[3]      |   12.716|
b[0]           |io_led[4]      |   12.929|
b[0]           |io_led[5]      |   13.506|
b[0]           |io_led[6]      |   13.252|
b[0]           |io_led[7]      |   13.619|
b[0]           |io_led[8]      |   13.185|
b[0]           |io_led[9]      |   13.120|
b[0]           |io_led[10]     |   13.629|
b[0]           |io_led[11]     |   13.815|
b[0]           |io_led[12]     |   14.305|
b[0]           |io_led[13]     |   14.607|
b[0]           |io_led[14]     |   13.082|
b[0]           |io_led[15]     |   13.520|
b[1]           |io_led[1]      |   11.237|
b[1]           |io_led[2]      |   12.872|
b[1]           |io_led[3]      |   12.652|
b[1]           |io_led[4]      |   12.846|
b[1]           |io_led[5]      |   13.423|
b[1]           |io_led[6]      |   13.169|
b[1]           |io_led[7]      |   13.536|
b[1]           |io_led[8]      |   13.102|
b[1]           |io_led[9]      |   13.037|
b[1]           |io_led[10]     |   13.546|
b[1]           |io_led[11]     |   13.732|
b[1]           |io_led[12]     |   14.222|
b[1]           |io_led[13]     |   14.524|
b[1]           |io_led[14]     |   12.999|
b[1]           |io_led[15]     |   13.437|
b[2]           |io_led[2]      |   13.071|
b[2]           |io_led[3]      |   12.847|
b[2]           |io_led[4]      |   13.045|
b[2]           |io_led[5]      |   13.622|
b[2]           |io_led[6]      |   13.368|
b[2]           |io_led[7]      |   13.735|
b[2]           |io_led[8]      |   13.301|
b[2]           |io_led[9]      |   13.236|
b[2]           |io_led[10]     |   13.745|
b[2]           |io_led[11]     |   13.931|
b[2]           |io_led[12]     |   14.421|
b[2]           |io_led[13]     |   14.723|
b[2]           |io_led[14]     |   13.198|
b[2]           |io_led[15]     |   13.636|
b[3]           |io_led[3]      |   12.802|
b[3]           |io_led[4]      |   13.057|
b[3]           |io_led[5]      |   13.634|
b[3]           |io_led[6]      |   13.380|
b[3]           |io_led[7]      |   13.747|
b[3]           |io_led[8]      |   13.313|
b[3]           |io_led[9]      |   13.248|
b[3]           |io_led[10]     |   13.757|
b[3]           |io_led[11]     |   13.943|
b[3]           |io_led[12]     |   14.433|
b[3]           |io_led[13]     |   14.735|
b[3]           |io_led[14]     |   13.210|
b[3]           |io_led[15]     |   13.648|
b[4]           |io_led[4]      |   13.162|
b[4]           |io_led[5]      |   13.725|
b[4]           |io_led[6]      |   13.603|
b[4]           |io_led[7]      |   13.963|
b[4]           |io_led[8]      |   13.563|
b[4]           |io_led[9]      |   13.498|
b[4]           |io_led[10]     |   14.007|
b[4]           |io_led[11]     |   14.193|
b[4]           |io_led[12]     |   14.683|
b[4]           |io_led[13]     |   14.985|
b[4]           |io_led[14]     |   13.460|
b[4]           |io_led[15]     |   13.898|
b[5]           |io_led[5]      |   13.733|
b[5]           |io_led[6]      |   13.696|
b[5]           |io_led[7]      |   14.067|
b[5]           |io_led[8]      |   13.648|
b[5]           |io_led[9]      |   13.583|
b[5]           |io_led[10]     |   14.092|
b[5]           |io_led[11]     |   14.278|
b[5]           |io_led[12]     |   14.768|
b[5]           |io_led[13]     |   15.070|
b[5]           |io_led[14]     |   13.545|
b[5]           |io_led[15]     |   13.983|
b[6]           |io_led[6]      |   13.788|
b[6]           |io_led[7]      |   14.155|
b[6]           |io_led[8]      |   13.740|
b[6]           |io_led[9]      |   13.675|
b[6]           |io_led[10]     |   14.184|
b[6]           |io_led[11]     |   14.370|
b[6]           |io_led[12]     |   14.860|
b[6]           |io_led[13]     |   15.162|
b[6]           |io_led[14]     |   13.637|
b[6]           |io_led[15]     |   14.075|
b[7]           |io_led[7]      |   14.078|
b[7]           |io_led[8]      |   13.720|
b[7]           |io_led[9]      |   13.655|
b[7]           |io_led[10]     |   14.164|
b[7]           |io_led[11]     |   14.350|
b[7]           |io_led[12]     |   14.840|
b[7]           |io_led[13]     |   15.142|
b[7]           |io_led[14]     |   13.617|
b[7]           |io_led[15]     |   14.055|
b[8]           |io_led[8]      |   12.608|
b[8]           |io_led[9]      |   12.529|
b[8]           |io_led[10]     |   13.170|
b[8]           |io_led[11]     |   13.349|
b[8]           |io_led[12]     |   13.873|
b[8]           |io_led[13]     |   14.175|
b[8]           |io_led[14]     |   12.650|
b[8]           |io_led[15]     |   13.088|
b[9]           |io_led[9]      |   12.546|
b[9]           |io_led[10]     |   13.272|
b[9]           |io_led[11]     |   13.462|
b[9]           |io_led[12]     |   13.967|
b[9]           |io_led[13]     |   14.269|
b[9]           |io_led[14]     |   12.744|
b[9]           |io_led[15]     |   13.182|
b[10]          |io_led[10]     |   13.222|
b[10]          |io_led[11]     |   13.408|
b[10]          |io_led[12]     |   13.917|
b[10]          |io_led[13]     |   14.219|
b[10]          |io_led[14]     |   12.694|
b[10]          |io_led[15]     |   13.132|
b[11]          |io_led[11]     |   13.380|
b[11]          |io_led[12]     |   13.946|
b[11]          |io_led[13]     |   14.248|
b[11]          |io_led[14]     |   12.723|
b[11]          |io_led[15]     |   13.161|
b[12]          |io_led[12]     |   14.171|
b[12]          |io_led[13]     |   14.459|
b[12]          |io_led[14]     |   13.066|
b[12]          |io_led[15]     |   13.497|
b[13]          |io_led[13]     |   14.252|
b[13]          |io_led[14]     |   12.944|
b[13]          |io_led[15]     |   13.386|
b[14]          |io_led[14]     |   13.067|
b[14]          |io_led[15]     |   13.505|
b[15]          |io_led[15]     |   13.429|
io_dip[0]      |io_led[0]      |   12.341|
io_dip[0]      |io_led[1]      |   11.549|
io_dip[0]      |io_led[2]      |   13.099|
io_dip[0]      |io_led[3]      |   12.873|
io_dip[0]      |io_led[4]      |   13.089|
io_dip[0]      |io_led[5]      |   13.666|
io_dip[0]      |io_led[6]      |   13.412|
io_dip[0]      |io_led[7]      |   13.779|
io_dip[0]      |io_led[8]      |   13.345|
io_dip[0]      |io_led[9]      |   13.280|
io_dip[0]      |io_led[10]     |   13.789|
io_dip[0]      |io_led[11]     |   13.975|
io_dip[0]      |io_led[12]     |   14.465|
io_dip[0]      |io_led[13]     |   14.767|
io_dip[0]      |io_led[14]     |   13.242|
io_dip[0]      |io_led[15]     |   13.680|
io_dip[1]      |io_led[1]      |   11.421|
io_dip[1]      |io_led[2]      |   13.056|
io_dip[1]      |io_led[3]      |   12.836|
io_dip[1]      |io_led[4]      |   13.030|
io_dip[1]      |io_led[5]      |   13.607|
io_dip[1]      |io_led[6]      |   13.353|
io_dip[1]      |io_led[7]      |   13.720|
io_dip[1]      |io_led[8]      |   13.286|
io_dip[1]      |io_led[9]      |   13.221|
io_dip[1]      |io_led[10]     |   13.730|
io_dip[1]      |io_led[11]     |   13.916|
io_dip[1]      |io_led[12]     |   14.406|
io_dip[1]      |io_led[13]     |   14.708|
io_dip[1]      |io_led[14]     |   13.183|
io_dip[1]      |io_led[15]     |   13.621|
io_dip[2]      |io_led[2]      |   13.565|
io_dip[2]      |io_led[3]      |   13.341|
io_dip[2]      |io_led[4]      |   13.539|
io_dip[2]      |io_led[5]      |   14.116|
io_dip[2]      |io_led[6]      |   13.862|
io_dip[2]      |io_led[7]      |   14.229|
io_dip[2]      |io_led[8]      |   13.795|
io_dip[2]      |io_led[9]      |   13.730|
io_dip[2]      |io_led[10]     |   14.239|
io_dip[2]      |io_led[11]     |   14.425|
io_dip[2]      |io_led[12]     |   14.915|
io_dip[2]      |io_led[13]     |   15.217|
io_dip[2]      |io_led[14]     |   13.692|
io_dip[2]      |io_led[15]     |   14.130|
io_dip[3]      |io_led[3]      |   13.025|
io_dip[3]      |io_led[4]      |   13.280|
io_dip[3]      |io_led[5]      |   13.857|
io_dip[3]      |io_led[6]      |   13.603|
io_dip[3]      |io_led[7]      |   13.970|
io_dip[3]      |io_led[8]      |   13.536|
io_dip[3]      |io_led[9]      |   13.471|
io_dip[3]      |io_led[10]     |   13.980|
io_dip[3]      |io_led[11]     |   14.166|
io_dip[3]      |io_led[12]     |   14.656|
io_dip[3]      |io_led[13]     |   14.958|
io_dip[3]      |io_led[14]     |   13.433|
io_dip[3]      |io_led[15]     |   13.871|
io_dip[4]      |io_led[4]      |   13.436|
io_dip[4]      |io_led[5]      |   13.999|
io_dip[4]      |io_led[6]      |   13.877|
io_dip[4]      |io_led[7]      |   14.237|
io_dip[4]      |io_led[8]      |   13.837|
io_dip[4]      |io_led[9]      |   13.772|
io_dip[4]      |io_led[10]     |   14.281|
io_dip[4]      |io_led[11]     |   14.467|
io_dip[4]      |io_led[12]     |   14.957|
io_dip[4]      |io_led[13]     |   15.259|
io_dip[4]      |io_led[14]     |   13.734|
io_dip[4]      |io_led[15]     |   14.172|
io_dip[5]      |io_led[5]      |   13.547|
io_dip[5]      |io_led[6]      |   13.510|
io_dip[5]      |io_led[7]      |   13.881|
io_dip[5]      |io_led[8]      |   13.462|
io_dip[5]      |io_led[9]      |   13.397|
io_dip[5]      |io_led[10]     |   13.906|
io_dip[5]      |io_led[11]     |   14.092|
io_dip[5]      |io_led[12]     |   14.582|
io_dip[5]      |io_led[13]     |   14.884|
io_dip[5]      |io_led[14]     |   13.359|
io_dip[5]      |io_led[15]     |   13.797|
io_dip[6]      |io_led[6]      |   13.239|
io_dip[6]      |io_led[7]      |   13.606|
io_dip[6]      |io_led[8]      |   13.191|
io_dip[6]      |io_led[9]      |   13.126|
io_dip[6]      |io_led[10]     |   13.635|
io_dip[6]      |io_led[11]     |   13.821|
io_dip[6]      |io_led[12]     |   14.311|
io_dip[6]      |io_led[13]     |   14.613|
io_dip[6]      |io_led[14]     |   13.088|
io_dip[6]      |io_led[15]     |   13.526|
io_dip[7]      |io_led[7]      |   13.523|
io_dip[7]      |io_led[8]      |   13.165|
io_dip[7]      |io_led[9]      |   13.100|
io_dip[7]      |io_led[10]     |   13.609|
io_dip[7]      |io_led[11]     |   13.795|
io_dip[7]      |io_led[12]     |   14.285|
io_dip[7]      |io_led[13]     |   14.587|
io_dip[7]      |io_led[14]     |   13.062|
io_dip[7]      |io_led[15]     |   13.500|
io_dip[8]      |io_led[8]      |   13.032|
io_dip[8]      |io_led[9]      |   12.953|
io_dip[8]      |io_led[10]     |   13.594|
io_dip[8]      |io_led[11]     |   13.773|
io_dip[8]      |io_led[12]     |   14.297|
io_dip[8]      |io_led[13]     |   14.599|
io_dip[8]      |io_led[14]     |   13.074|
io_dip[8]      |io_led[15]     |   13.512|
io_dip[9]      |io_led[9]      |   13.042|
io_dip[9]      |io_led[10]     |   13.768|
io_dip[9]      |io_led[11]     |   13.958|
io_dip[9]      |io_led[12]     |   14.463|
io_dip[9]      |io_led[13]     |   14.765|
io_dip[9]      |io_led[14]     |   13.240|
io_dip[9]      |io_led[15]     |   13.678|
io_dip[10]     |io_led[10]     |   13.226|
io_dip[10]     |io_led[11]     |   13.571|
io_dip[10]     |io_led[12]     |   14.072|
io_dip[10]     |io_led[13]     |   14.374|
io_dip[10]     |io_led[14]     |   12.849|
io_dip[10]     |io_led[15]     |   13.287|
io_dip[11]     |io_led[11]     |   13.310|
io_dip[11]     |io_led[12]     |   13.876|
io_dip[11]     |io_led[13]     |   14.178|
io_dip[11]     |io_led[14]     |   12.653|
io_dip[11]     |io_led[15]     |   13.091|
io_dip[12]     |io_led[12]     |   13.804|
io_dip[12]     |io_led[13]     |   14.092|
io_dip[12]     |io_led[14]     |   12.699|
io_dip[12]     |io_led[15]     |   13.130|
io_dip[13]     |io_led[13]     |   13.951|
io_dip[13]     |io_led[14]     |   12.643|
io_dip[13]     |io_led[15]     |   13.085|
io_dip[14]     |io_led[14]     |   12.582|
io_dip[14]     |io_led[15]     |   13.020|
io_dip[15]     |io_led[15]     |   12.583|
---------------+---------------+---------+


Analysis completed Mon Nov 04 18:27:48 2019 
--------------------------------------------------------------------------------

Trace Settings:
-------------------------
Trace Settings 

Peak Memory Usage: 4549 MB



